2025-06-04T09:38:15.9565092Z Current runner version: '2.324.0'
2025-06-04T09:38:15.9591458Z ##[group]Operating System
2025-06-04T09:38:15.9592569Z Ubuntu
2025-06-04T09:38:15.9593051Z 24.04.2
2025-06-04T09:38:15.9593541Z LTS
2025-06-04T09:38:15.9594064Z ##[endgroup]
2025-06-04T09:38:15.9594611Z ##[group]Runner Image
2025-06-04T09:38:15.9595162Z Image: ubuntu-24.04
2025-06-04T09:38:15.9595746Z Version: 20250527.1.0
2025-06-04T09:38:15.9596801Z Included Software: https://github.com/actions/runner-images/blob/ubuntu24/20250527.1/images/ubuntu/Ubuntu2404-Readme.md
2025-06-04T09:38:15.9598146Z Image Release: https://github.com/actions/runner-images/releases/tag/ubuntu24%2F20250527.1
2025-06-04T09:38:15.9599102Z ##[endgroup]
2025-06-04T09:38:15.9599597Z ##[group]Runner Image Provisioner
2025-06-04T09:38:15.9600189Z 2.0.437.1
2025-06-04T09:38:15.9600608Z ##[endgroup]
2025-06-04T09:38:15.9603375Z ##[group]GITHUB_TOKEN Permissions
2025-06-04T09:38:15.9605494Z Actions: write
2025-06-04T09:38:15.9606730Z Attestations: write
2025-06-04T09:38:15.9607325Z Checks: write
2025-06-04T09:38:15.9607903Z Contents: write
2025-06-04T09:38:15.9608372Z Deployments: write
2025-06-04T09:38:15.9608895Z Discussions: write
2025-06-04T09:38:15.9609836Z Issues: write
2025-06-04T09:38:15.9610350Z Metadata: read
2025-06-04T09:38:15.9611067Z Models: read
2025-06-04T09:38:15.9611776Z Packages: write
2025-06-04T09:38:15.9612266Z Pages: write
2025-06-04T09:38:15.9612805Z PullRequests: write
2025-06-04T09:38:15.9613486Z RepositoryProjects: write
2025-06-04T09:38:15.9614023Z SecurityEvents: write
2025-06-04T09:38:15.9614554Z Statuses: write
2025-06-04T09:38:15.9615046Z ##[endgroup]
2025-06-04T09:38:15.9617145Z Secret source: Actions
2025-06-04T09:38:15.9617959Z Prepare workflow directory
2025-06-04T09:38:15.9940082Z Prepare all required actions
2025-06-04T09:38:15.9977663Z Getting action download info
2025-06-04T09:38:16.3803018Z ##[group]Download immutable action package 'actions/checkout@v4'
2025-06-04T09:38:16.3804129Z Version: 4.2.2
2025-06-04T09:38:16.3805241Z Digest: sha256:ccb2698953eaebd21c7bf6268a94f9c26518a7e38e27e0b83c1fe1ad049819b1
2025-06-04T09:38:16.3806461Z Source commit SHA: 11bd71901bbe5b1630ceea73d27597364c9af683
2025-06-04T09:38:16.3807247Z ##[endgroup]
2025-06-04T09:38:16.4658551Z ##[group]Download immutable action package 'actions/setup-node@v3'
2025-06-04T09:38:16.4659457Z Version: 3.9.1
2025-06-04T09:38:16.4660205Z Digest: sha256:d8c8dbd6e63927801f9de42620f961a361b03be6034dcc11e83ca01f50cb9f40
2025-06-04T09:38:16.4661475Z Source commit SHA: 3235b876344d2a9aa001b8d1453c930bba69e610
2025-06-04T09:38:16.4662220Z ##[endgroup]
2025-06-04T09:38:16.6796101Z Download action repository 'actions/upload-release-asset@v1' (SHA:e8f9f06c4b078e705bd2ea027f0926603fc9b4d5)
2025-06-04T09:38:16.9642837Z Complete job name: build
2025-06-04T09:38:17.0385375Z ##[group]Run actions/checkout@v4
2025-06-04T09:38:17.0386251Z with:
2025-06-04T09:38:17.0386662Z   repository: SjnExe/AntiCheats
2025-06-04T09:38:17.0387355Z   token: ***
2025-06-04T09:38:17.0387739Z   ssh-strict: true
2025-06-04T09:38:17.0388158Z   ssh-user: git
2025-06-04T09:38:17.0388567Z   persist-credentials: true
2025-06-04T09:38:17.0389040Z   clean: true
2025-06-04T09:38:17.0389449Z   sparse-checkout-cone-mode: true
2025-06-04T09:38:17.0389953Z   fetch-depth: 1
2025-06-04T09:38:17.0390360Z   fetch-tags: false
2025-06-04T09:38:17.0390768Z   show-progress: true
2025-06-04T09:38:17.0391364Z   lfs: false
2025-06-04T09:38:17.0391734Z   submodules: false
2025-06-04T09:38:17.0392149Z   set-safe-directory: true
2025-06-04T09:38:17.0392867Z ##[endgroup]
2025-06-04T09:38:17.2113517Z Syncing repository: SjnExe/AntiCheats
2025-06-04T09:38:17.2115715Z ##[group]Getting Git version info
2025-06-04T09:38:17.2116989Z Working directory is '/home/runner/work/AntiCheats/AntiCheats'
2025-06-04T09:38:17.2118549Z [command]/usr/bin/git version
2025-06-04T09:38:17.2157019Z git version 2.49.0
2025-06-04T09:38:17.2184859Z ##[endgroup]
2025-06-04T09:38:17.2205833Z Temporarily overriding HOME='/home/runner/work/_temp/e15c9ab4-ec2b-4675-8ee8-c1ef667a0be2' before making global git config changes
2025-06-04T09:38:17.2209129Z Adding repository directory to the temporary git global config as a safe directory
2025-06-04T09:38:17.2212536Z [command]/usr/bin/git config --global --add safe.directory /home/runner/work/AntiCheats/AntiCheats
2025-06-04T09:38:17.2245689Z Deleting the contents of '/home/runner/work/AntiCheats/AntiCheats'
2025-06-04T09:38:17.2249979Z ##[group]Initializing the repository
2025-06-04T09:38:17.2255375Z [command]/usr/bin/git init /home/runner/work/AntiCheats/AntiCheats
2025-06-04T09:38:17.2314816Z hint: Using 'master' as the name for the initial branch. This default branch name
2025-06-04T09:38:17.2317742Z hint: is subject to change. To configure the initial branch name to use in all
2025-06-04T09:38:17.2321000Z hint: of your new repositories, which will suppress this warning, call:
2025-06-04T09:38:17.2322880Z hint:
2025-06-04T09:38:17.2323942Z hint: 	git config --global init.defaultBranch <name>
2025-06-04T09:38:17.2325305Z hint:
2025-06-04T09:38:17.2327069Z hint: Names commonly chosen instead of 'master' are 'main', 'trunk' and
2025-06-04T09:38:17.2329328Z hint: 'development'. The just-created branch can be renamed via this command:
2025-06-04T09:38:17.2331596Z hint:
2025-06-04T09:38:17.2332729Z hint: 	git branch -m <name>
2025-06-04T09:38:17.2334533Z Initialized empty Git repository in /home/runner/work/AntiCheats/AntiCheats/.git/
2025-06-04T09:38:17.2338520Z [command]/usr/bin/git remote add origin https://github.com/SjnExe/AntiCheats
2025-06-04T09:38:17.2367106Z ##[endgroup]
2025-06-04T09:38:17.2368973Z ##[group]Disabling automatic garbage collection
2025-06-04T09:38:17.2371171Z [command]/usr/bin/git config --local gc.auto 0
2025-06-04T09:38:17.2398634Z ##[endgroup]
2025-06-04T09:38:17.2400241Z ##[group]Setting up auth
2025-06-04T09:38:17.2405920Z [command]/usr/bin/git config --local --name-only --get-regexp core\.sshCommand
2025-06-04T09:38:17.2439585Z [command]/usr/bin/git submodule foreach --recursive sh -c "git config --local --name-only --get-regexp 'core\.sshCommand' && git config --local --unset-all 'core.sshCommand' || :"
2025-06-04T09:38:17.2709575Z [command]/usr/bin/git config --local --name-only --get-regexp http\.https\:\/\/github\.com\/\.extraheader
2025-06-04T09:38:17.2739807Z [command]/usr/bin/git submodule foreach --recursive sh -c "git config --local --name-only --get-regexp 'http\.https\:\/\/github\.com\/\.extraheader' && git config --local --unset-all 'http.https://github.com/.extraheader' || :"
2025-06-04T09:38:17.2962017Z [command]/usr/bin/git config --local http.https://github.com/.extraheader AUTHORIZATION: basic ***
2025-06-04T09:38:17.3003925Z ##[endgroup]
2025-06-04T09:38:17.3005474Z ##[group]Fetching the repository
2025-06-04T09:38:17.3014273Z [command]/usr/bin/git -c protocol.version=2 fetch --no-tags --prune --no-recurse-submodules --depth=1 origin +c07773f2ed25c5db1b8b3a229076efa99b6b806c:refs/tags/v0.0.1
2025-06-04T09:38:17.6000594Z From https://github.com/SjnExe/AntiCheats
2025-06-04T09:38:17.6025299Z  * [new ref]         c07773f2ed25c5db1b8b3a229076efa99b6b806c -> v0.0.1
2025-06-04T09:38:17.6029304Z ##[endgroup]
2025-06-04T09:38:17.6030681Z ##[group]Determining the checkout info
2025-06-04T09:38:17.6032452Z ##[endgroup]
2025-06-04T09:38:17.6033844Z [command]/usr/bin/git sparse-checkout disable
2025-06-04T09:38:17.6071444Z [command]/usr/bin/git config --local --unset-all extensions.worktreeConfig
2025-06-04T09:38:17.6098225Z ##[group]Checking out the ref
2025-06-04T09:38:17.6101727Z [command]/usr/bin/git checkout --progress --force refs/tags/v0.0.1
2025-06-04T09:38:17.6162394Z Note: switching to 'refs/tags/v0.0.1'.
2025-06-04T09:38:17.6163662Z 
2025-06-04T09:38:17.6164837Z You are in 'detached HEAD' state. You can look around, make experimental
2025-06-04T09:38:17.6167687Z changes and commit them, and you can discard any commits you make in this
2025-06-04T09:38:17.6171430Z state without impacting any branches by switching back to a branch.
2025-06-04T09:38:17.6173287Z 
2025-06-04T09:38:17.6174444Z If you want to create a new branch to retain commits you create, you may
2025-06-04T09:38:17.6177700Z do so (now or later) by using -c with the switch command. Example:
2025-06-04T09:38:17.6179329Z 
2025-06-04T09:38:17.6179958Z   git switch -c <new-branch-name>
2025-06-04T09:38:17.6181271Z 
2025-06-04T09:38:17.6181894Z Or undo this operation with:
2025-06-04T09:38:17.6182640Z 
2025-06-04T09:38:17.6183102Z   git switch -
2025-06-04T09:38:17.6183637Z 
2025-06-04T09:38:17.6184608Z Turn off this advice by setting config variable advice.detachedHead to false
2025-06-04T09:38:17.6185978Z 
2025-06-04T09:38:17.6186949Z HEAD is now at c07773f feat: Integrate TypeScript compilation into workflow
2025-06-04T09:38:17.6191597Z ##[endgroup]
2025-06-04T09:38:17.6210054Z [command]/usr/bin/git log -1 --format=%H
2025-06-04T09:38:17.6232020Z c07773f2ed25c5db1b8b3a229076efa99b6b806c
2025-06-04T09:38:17.6459225Z ##[group]Run RAW_TAG_NAME="v0.0.1"
2025-06-04T09:38:17.6460338Z [36;1mRAW_TAG_NAME="v0.0.1"[0m
2025-06-04T09:38:17.6461644Z [36;1mecho "FULL_TAG_NAME=$RAW_TAG_NAME" >> $GITHUB_ENV[0m
2025-06-04T09:38:17.6462999Z [36;1m# Remove 'v' prefix for version string[0m
2025-06-04T09:38:17.6464188Z [36;1mVERSION_STR="${RAW_TAG_NAME#v}"[0m
2025-06-04T09:38:17.6465439Z [36;1mecho "VERSION_STRING=$VERSION_STR" >> $GITHUB_ENV[0m
2025-06-04T09:38:17.6466938Z [36;1m# Convert version string "1.2.3" to array string "[1,2,3]"[0m
2025-06-04T09:38:17.6468487Z [36;1mVERSION_ARR_STR="[$(echo $VERSION_STR | tr '.' ',')]"[0m
2025-06-04T09:38:17.6470062Z [36;1mecho "VERSION_ARRAY_STRING=$VERSION_ARR_STR" >> $GITHUB_ENV[0m
2025-06-04T09:38:17.6472276Z [36;1mecho "Full tag: $RAW_TAG_NAME, Version string: $VERSION_STR, Version array string: $VERSION_ARR_STR"[0m
2025-06-04T09:38:17.6540370Z shell: /usr/bin/bash --noprofile --norc -e -o pipefail {0}
2025-06-04T09:38:17.6541826Z ##[endgroup]
2025-06-04T09:38:17.6655847Z Full tag: v0.0.1, Version string: 0.0.1, Version array string: [0,0,1]
2025-06-04T09:38:17.6719862Z ##[group]Run mkdir staging
2025-06-04T09:38:17.6720987Z [36;1mmkdir staging[0m
2025-06-04T09:38:17.6768811Z shell: /usr/bin/bash -e {0}
2025-06-04T09:38:17.6769696Z env:
2025-06-04T09:38:17.6770381Z   FULL_TAG_NAME: v0.0.1
2025-06-04T09:38:17.6771426Z   VERSION_STRING: 0.0.1
2025-06-04T09:38:17.6772297Z   VERSION_ARRAY_STRING: [0,0,1]
2025-06-04T09:38:17.6773195Z ##[endgroup]
2025-06-04T09:38:17.6910019Z ##[group]Run cp -r BP staging/
2025-06-04T09:38:17.6911201Z [36;1mcp -r BP staging/[0m
2025-06-04T09:38:17.6912091Z [36;1mcp -r RP staging/[0m
2025-06-04T09:38:17.6959354Z shell: /usr/bin/bash -e {0}
2025-06-04T09:38:17.6960193Z env:
2025-06-04T09:38:17.6961047Z   FULL_TAG_NAME: v0.0.1
2025-06-04T09:38:17.6961909Z   VERSION_STRING: 0.0.1
2025-06-04T09:38:17.6962730Z   VERSION_ARRAY_STRING: [0,0,1]
2025-06-04T09:38:17.6963587Z ##[endgroup]
2025-06-04T09:38:17.7258645Z ##[group]Run actions/setup-node@v3
2025-06-04T09:38:17.7259614Z with:
2025-06-04T09:38:17.7260286Z   node-version: 18
2025-06-04T09:38:17.7261177Z   always-auth: false
2025-06-04T09:38:17.7261963Z   check-latest: false
2025-06-04T09:38:17.7262966Z   token: ***
2025-06-04T09:38:17.7263660Z env:
2025-06-04T09:38:17.7264287Z   FULL_TAG_NAME: v0.0.1
2025-06-04T09:38:17.7265076Z   VERSION_STRING: 0.0.1
2025-06-04T09:38:17.7265865Z   VERSION_ARRAY_STRING: [0,0,1]
2025-06-04T09:38:17.7266719Z ##[endgroup]
2025-06-04T09:38:17.9334328Z Found in cache @ /opt/hostedtoolcache/node/18.20.8/x64
2025-06-04T09:38:17.9342521Z ##[group]Environment details
2025-06-04T09:38:18.3112625Z node: v18.20.8
2025-06-04T09:38:18.3113835Z npm: 10.8.2
2025-06-04T09:38:18.3114982Z yarn: 1.22.22
2025-06-04T09:38:18.3116737Z ##[endgroup]
2025-06-04T09:38:18.3235083Z ##[group]Run npm install -g typescript
2025-06-04T09:38:18.3236164Z [36;1mnpm install -g typescript[0m
2025-06-04T09:38:18.3294399Z shell: /usr/bin/bash -e {0}
2025-06-04T09:38:18.3295260Z env:
2025-06-04T09:38:18.3295931Z   FULL_TAG_NAME: v0.0.1
2025-06-04T09:38:18.3296740Z   VERSION_STRING: 0.0.1
2025-06-04T09:38:18.3297557Z   VERSION_ARRAY_STRING: [0,0,1]
2025-06-04T09:38:18.3298650Z ##[endgroup]
2025-06-04T09:38:19.4225655Z 
2025-06-04T09:38:19.4230546Z added 1 package in 1s
2025-06-04T09:38:19.4372294Z ##[group]Run tsc
2025-06-04T09:38:19.4372586Z [36;1mtsc[0m
2025-06-04T09:38:19.4428070Z shell: /usr/bin/bash -e {0}
2025-06-04T09:38:19.4428397Z env:
2025-06-04T09:38:19.4428660Z   FULL_TAG_NAME: v0.0.1
2025-06-04T09:38:19.4428926Z   VERSION_STRING: 0.0.1
2025-06-04T09:38:19.4429204Z   VERSION_ARRAY_STRING: [0,0,1]
2025-06-04T09:38:19.4429478Z ##[endgroup]
2025-06-04T09:38:20.2259875Z error TS2688: Cannot find type definition file for '@minecraft/server'.
2025-06-04T09:38:20.2261389Z   The file is in the program because:
2025-06-04T09:38:20.2262644Z     Entry point of type library '@minecraft/server' specified in compilerOptions
2025-06-04T09:38:20.2264066Z error TS2688: Cannot find type definition file for '@minecraft/server-ui'.
2025-06-04T09:38:20.2266421Z   The file is in the program because:
2025-06-04T09:38:20.2267211Z     Entry point of type library '@minecraft/server-ui' specified in compilerOptions
2025-06-04T09:38:20.2371649Z ##[error]Process completed with exit code 2.
2025-06-04T09:38:20.2498276Z Post job cleanup.
2025-06-04T09:38:20.3414540Z [command]/usr/bin/git version
2025-06-04T09:38:20.3450193Z git version 2.49.0
2025-06-04T09:38:20.3494539Z Temporarily overriding HOME='/home/runner/work/_temp/606a0b1c-6af8-468b-81ac-14afb4481cd2' before making global git config changes
2025-06-04T09:38:20.3496108Z Adding repository directory to the temporary git global config as a safe directory
2025-06-04T09:38:20.3501456Z [command]/usr/bin/git config --global --add safe.directory /home/runner/work/AntiCheats/AntiCheats
2025-06-04T09:38:20.3536992Z [command]/usr/bin/git config --local --name-only --get-regexp core\.sshCommand
2025-06-04T09:38:20.3570778Z [command]/usr/bin/git submodule foreach --recursive sh -c "git config --local --name-only --get-regexp 'core\.sshCommand' && git config --local --unset-all 'core.sshCommand' || :"
2025-06-04T09:38:20.3794771Z [command]/usr/bin/git config --local --name-only --get-regexp http\.https\:\/\/github\.com\/\.extraheader
2025-06-04T09:38:20.3815090Z http.https://github.com/.extraheader
2025-06-04T09:38:20.3828544Z [command]/usr/bin/git config --local --unset-all http.https://github.com/.extraheader
2025-06-04T09:38:20.3859976Z [command]/usr/bin/git submodule foreach --recursive sh -c "git config --local --name-only --get-regexp 'http\.https\:\/\/github\.com\/\.extraheader' && git config --local --unset-all 'http.https://github.com/.extraheader' || :"
2025-06-04T09:38:20.4175231Z Cleaning up orphan processes
